
> invet-frontend@0.1.0 build
> next build

  Ôû▓ Next.js 14.2.35

node.exe : 
En línea: 1 Carácter: 1
+ & "C:\Program Files\nodejs/node.exe" "C:\Program Files\nodejs/node_mo ...
+ ~~~~~~~~~~~~~~~~~~~~~~~~~~~~~~~~~~~~~~~~~~~~~~~~~~~~~~~~~~~~~~~~~~~~~
    + CategoryInfo          : NotSpecified: (:String) [], RemoteException
    + FullyQualifiedErrorId : NativeCommandError
 
> Build error occurred
Error: You cannot use different slug names for the same dynamic path 
('clinicId' !== 'id').
    at handleSlug (C:\InVet\frontend\node_modules\next\dist\shared\lib\router\u
tils\sorted-routes.js:94:31)
    at UrlNode._insert (C:\InVet\frontend\node_modules\next\dist\shared\lib\rou
ter\utils\sorted-routes.js:131:17)
    at UrlNode._insert (C:\InVet\frontend\node_modules\next\dist\shared\lib\rou
ter\utils\sorted-routes.js:142:40)
    at UrlNode.insert (C:\InVet\frontend\node_modules\next\dist\shared\lib\rout
er\utils\sorted-routes.js:13:14)
    at C:\InVet\frontend\node_modules\next\dist\shared\lib\router\utils\sorted-
routes.js:165:46
    at Array.forEach (<anonymous>)
    at getSortedRoutes (C:\InVet\frontend\node_modules\next\dist\shared\lib\rou
ter\utils\sorted-routes.js:165:21)
    at C:\InVet\frontend\node_modules\next\dist\build\index.js:625:65
    at Span.traceFn 
(C:\InVet\frontend\node_modules\next\dist\trace\trace.js:147:20)
    at C:\InVet\frontend\node_modules\next\dist\build\index.js:624:89
